[{"customer_id":"ALFKI","company_name":"Alfreds Futterkiste","contact_name":"Maria Anders","contact_title":"Sales Representative","address":"Obere Str. 57","city":"Berlin","region":null,"postal_code":"12209","country":"Germany","phone":"030-0074321","fax":"030-0076545"},{"customer_id":"ANATR","company_name":"Ana Trujillo Emparedados y helados","contact_name":"Ana Trujillo","contact_title":"Owner","address":"Avda. de la Constitución 2222","city":"México D.F.","region":null,"postal_code":"05021","country":"Mexico","phone":"(5) 555-4729","fax":"(5) 555-3745"},{"customer_id":"ANTON","company_name":"Antonio Moreno Taquería","contact_name":"Antonio Moreno","contact_title":"Owner","address":"Mataderos  2312","city":"México D.F.","region":null,"postal_code":"05023","country":"Mexico","phone":"(5) 555-3932","fax":null}]