{"customer_id":"ANTON","company_name":"Antonio Moreno Taquería","contact_name":"Test","contact_title":"Owner","address":"Mataderos  2312","city":"México D.F.","region":null,"postal_code":"05023","country":"Mexico","phone":"(5) 555-3932","fax":"5432"}