[{"customer_id":"BC1","company_name":"Big Company","contact_name":"Big Customer 1","contact_title":"CEO","address":"614-12, Some Place","city":"City","region":"Some Region","postal_code":"512-213","country":"Country","phone":"+0041234412","fax":"12312123"},{"customer_id":"BC2","company_name":"Big Company","contact_name":"Big Customer 2","contact_title":"CFO","address":"614-12, Some Place","city":"City","region":"Some Region","postal_code":"512-213","country":"Country","phone":"+0041234412","fax":"12312123"}]