[{"order_id":11062,"order_date":"1998-04-30T00:00:00Z","shipped_date":null,"ship_region":null,"ship_country":"Italy"},{"order_id":11062,"order_date":"1998-04-30T00:00:00Z","shipped_date":null,"ship_region":null,"ship_country":"Italy"},{"order_id":11062,"order_date":"1998-04-30T00:00:00Z","shipped_date":null,"ship_region":null,"ship_country":"Italy"},{"order_id":11060,"order_date":"1998-04-30T00:00:00Z","shipped_date":"1998-05-04T00:00:00Z","ship_region":null,"ship_country":"Italy"},{"order_id":11060,"order_date":"1998-04-30T00:00:00Z","shipped_date":"1998-05-04T00:00:00Z","ship_region":null,"ship_country":"Italy"},{"order_id":11060,"order_date":"1998-04-30T00:00:00Z","shipped_date":"1998-05-04T00:00:00Z","ship_region":null,"ship_country":"Italy"},{"order_id":11026,"order_date":"1998-04-15T00:00:00Z","shipped_date":"1998-04-28T00:00:00Z","ship_region":null,"ship_country":"Italy"},{"order_id":11026,"order_date":"1998-04-15T00:00:00Z","shipped_date":"1998-04-28T00:00:00Z","ship_region":null,"ship_country":"Italy"},{"order_id":11026,"order_date":"1998-04-15T00:00:00Z","shipped_date":"1998-04-28T00:00:00Z","ship_region":null,"ship_country":"Italy"},{"order_id":11010,"order_date":"1998-04-09T00:00:00Z","shipped_date":"1998-04-21T00:00:00Z","ship_region":null,"ship_country":"Italy"}]